[ 2026-08-15 04:44:37,309 ] 1025 httpx - INFO - HTTP Request: GET https://dagshub.com/api/v1/user "HTTP/1.1 200 OK"
[ 2026-08-15 04:44:37,322 ] 107 dagshub - INFO - Accessing as Neerajkanoi
[ 2026-08-15 04:44:39,211 ] 1025 httpx - INFO - HTTP Request: GET https://dagshub.com/api/v1/repos/Neerajkanoi/Network_security "HTTP/1.1 200 OK"
[ 2026-08-15 04:44:40,077 ] 1025 httpx - INFO - HTTP Request: GET https://dagshub.com/api/v1/user "HTTP/1.1 200 OK"
[ 2026-08-15 04:44:40,081 ] 107 dagshub - INFO - Initialized MLflow to track repo "Neerajkanoi/Network_security"
[ 2026-08-15 04:44:40,082 ] 107 dagshub - INFO - Repository Neerajkanoi/Network_security initialized!
[ 2026-08-15 04:50:41,063 ] 42 root - INFO - Start data Ingestion
[ 2026-08-15 04:50:42,422 ] 65 root - INFO - Performed train test split on the dataframe
[ 2026-08-15 04:50:42,422 ] 67 root - INFO - Exited split_data_as_train_test method of Data_Ingestion class
[ 2026-08-15 04:50:42,422 ] 75 root - INFO - Exporting train and test file path.
[ 2026-08-15 04:50:42,456 ] 84 root - INFO - Exported train and test file path.
[ 2026-08-15 04:50:42,456 ] 45 root - INFO - Data Ingestion completed and artifact: DataIngestionArtifact(trained_file_path='Artifacts/08_15_2026_04_44_34/data_ingestion/ingested/train.csv', test_file_path='Artifacts/08_15_2026_04_44_34/data_ingestion/ingested/test.csv')
[ 2026-08-15 04:50:42,459 ] 55 root - INFO - Initiate the data Validation
[ 2026-08-15 04:50:42,474 ] 32 root - INFO - Required number of columns:2
[ 2026-08-15 04:50:42,474 ] 33 root - INFO - Data frame has columns:31
[ 2026-08-15 04:50:42,474 ] 32 root - INFO - Required number of columns:2
[ 2026-08-15 04:50:42,474 ] 33 root - INFO - Data frame has columns:31
[ 2026-08-15 04:50:42,582 ] 63 root - INFO - Entered initiate_data_transformation method of DataTransformation class
[ 2026-08-15 04:50:42,582 ] 65 root - INFO - Starting data transformation
[ 2026-08-15 04:50:42,591 ] 48 root - INFO - Entered get_data_trnasformer_object method of Trnasformation class
[ 2026-08-15 04:50:42,591 ] 53 root - INFO - Initialise KNNImputer with {'missing_values': nan, 'n_neighbors': 3, 'weights': 'uniform'}
[ 2026-08-15 04:50:42,601 ] 46 root - INFO - Entered the save_object method of MainUtils class
[ 2026-08-15 04:50:42,602 ] 50 root - INFO - Exited the save_object method of MainUtils class
[ 2026-08-15 04:50:42,602 ] 46 root - INFO - Entered the save_object method of MainUtils class
[ 2026-08-15 04:50:42,606 ] 50 root - INFO - Exited the save_object method of MainUtils class
[ 2026-08-15 04:58:29,910 ] 46 root - INFO - Entered the save_object method of MainUtils class
[ 2026-08-15 04:58:29,911 ] 50 root - INFO - Exited the save_object method of MainUtils class
[ 2026-08-15 04:58:29,911 ] 46 root - INFO - Entered the save_object method of MainUtils class
[ 2026-08-15 04:58:29,940 ] 50 root - INFO - Exited the save_object method of MainUtils class
[ 2026-08-15 04:58:29,941 ] 145 root - INFO - Model trainer artifact: ModelTrainerArtifact(trained_model_file_path='Artifacts/08_15_2026_04_44_34/model_trainer/trained_model/model.pkl', train_metric_artifact=ClassificationMetricArtifact(f1_score=0.9915383831175452, precision_score=0.9900244299674267, recall_score=0.9930569736573412), test_metric_artifact=ClassificationMetricArtifact(f1_score=0.9751086527064401, precision_score=0.970889063729347, recall_score=0.9793650793650793))
