[ 2026-08-15 04:10:50,647 ] 1025 httpx - INFO - HTTP Request: GET https://dagshub.com/api/v1/user "HTTP/1.1 200 OK"
[ 2026-08-15 04:10:50,660 ] 107 dagshub - INFO - Accessing as Neerajkanoi
[ 2026-08-15 04:10:51,479 ] 1025 httpx - INFO - HTTP Request: GET https://dagshub.com/api/v1/repos/Neerajkanoi/Network_security "HTTP/1.1 200 OK"
[ 2026-08-15 04:10:52,348 ] 1025 httpx - INFO - HTTP Request: GET https://dagshub.com/api/v1/user "HTTP/1.1 200 OK"
[ 2026-08-15 04:10:52,351 ] 107 dagshub - INFO - Initialized MLflow to track repo "Neerajkanoi/Network_security"
[ 2026-08-15 04:10:52,351 ] 107 dagshub - INFO - Repository Neerajkanoi/Network_security initialized!
[ 2026-08-15 04:11:07,148 ] 42 root - INFO - Start data Ingestion
[ 2026-08-15 04:11:08,958 ] 65 root - INFO - Performed train test split on the dataframe
[ 2026-08-15 04:11:08,958 ] 67 root - INFO - Exited split_data_as_train_test method of Data_Ingestion class
[ 2026-08-15 04:11:08,958 ] 75 root - INFO - Exporting train and test file path.
[ 2026-08-15 04:11:08,992 ] 84 root - INFO - Exported train and test file path.
[ 2026-08-15 04:11:08,992 ] 45 root - INFO - Data Ingestion completed and artifact: DataIngestionArtifact(trained_file_path='Artifacts/08_15_2026_04_10_47/data_ingestion/ingested/train.csv', test_file_path='Artifacts/08_15_2026_04_10_47/data_ingestion/ingested/test.csv')
[ 2026-08-15 04:11:08,995 ] 55 root - INFO - Initiate the data Validation
[ 2026-08-15 04:11:09,006 ] 32 root - INFO - Required number of columns:2
[ 2026-08-15 04:11:09,006 ] 33 root - INFO - Data frame has columns:31
[ 2026-08-15 04:11:09,006 ] 32 root - INFO - Required number of columns:2
[ 2026-08-15 04:11:09,006 ] 33 root - INFO - Data frame has columns:31
[ 2026-08-15 04:11:09,091 ] 63 root - INFO - Entered initiate_data_transformation method of DataTransformation class
[ 2026-08-15 04:11:09,091 ] 65 root - INFO - Starting data transformation
[ 2026-08-15 04:11:09,100 ] 48 root - INFO - Entered get_data_trnasformer_object method of Trnasformation class
[ 2026-08-15 04:11:09,101 ] 53 root - INFO - Initialise KNNImputer with {'missing_values': nan, 'n_neighbors': 3, 'weights': 'uniform'}
[ 2026-08-15 04:11:09,117 ] 46 root - INFO - Entered the save_object method of MainUtils class
[ 2026-08-15 04:11:09,119 ] 50 root - INFO - Exited the save_object method of MainUtils class
[ 2026-08-15 04:11:09,119 ] 46 root - INFO - Entered the save_object method of MainUtils class
[ 2026-08-15 04:11:09,120 ] 50 root - INFO - Exited the save_object method of MainUtils class
[ 2026-08-15 04:18:39,712 ] 46 root - INFO - Entered the save_object method of MainUtils class
[ 2026-08-15 04:18:39,713 ] 50 root - INFO - Exited the save_object method of MainUtils class
[ 2026-08-15 04:18:39,713 ] 46 root - INFO - Entered the save_object method of MainUtils class
[ 2026-08-15 04:18:39,723 ] 50 root - INFO - Exited the save_object method of MainUtils class
[ 2026-08-15 04:18:39,724 ] 145 root - INFO - Model trainer artifact: ModelTrainerArtifact(trained_model_file_path='Artifacts/08_15_2026_04_10_47/model_trainer/trained_model/model.pkl', train_metric_artifact=ClassificationMetricArtifact(f1_score=0.9910913140311804, precision_score=0.9894885789367294, recall_score=0.9926992496451024), test_metric_artifact=ClassificationMetricArtifact(f1_score=0.9739625711960944, precision_score=0.9715909090909091, recall_score=0.9763458401305057))
