[ 2026-08-14 19:42:26,523 ] 1025 httpx - INFO - HTTP Request: GET https://dagshub.com/api/v1/user "HTTP/1.1 200 OK"
[ 2026-08-14 19:42:26,535 ] 107 dagshub - INFO - Accessing as Neerajkanoi
[ 2026-08-14 19:42:27,489 ] 1025 httpx - INFO - HTTP Request: GET https://dagshub.com/api/v1/repos/Neerajkanoi/Network_security "HTTP/1.1 200 OK"
[ 2026-08-14 19:42:28,428 ] 1025 httpx - INFO - HTTP Request: GET https://dagshub.com/api/v1/user "HTTP/1.1 200 OK"
[ 2026-08-14 19:42:28,432 ] 107 dagshub - INFO - Initialized MLflow to track repo "Neerajkanoi/Network_security"
[ 2026-08-14 19:42:28,432 ] 107 dagshub - INFO - Repository Neerajkanoi/Network_security initialized!
[ 2026-08-14 19:42:46,814 ] 42 root - INFO - Start data Ingestion
[ 2026-08-14 19:42:48,509 ] 65 root - INFO - Performed train test split on the dataframe
[ 2026-08-14 19:42:48,509 ] 67 root - INFO - Exited split_data_as_train_test method of Data_Ingestion class
[ 2026-08-14 19:42:48,510 ] 75 root - INFO - Exporting train and test file path.
[ 2026-08-14 19:42:48,543 ] 84 root - INFO - Exported train and test file path.
[ 2026-08-14 19:42:48,543 ] 45 root - INFO - Data Ingestion completed and artifact: DataIngestionArtifact(trained_file_path='Artifacts/08_14_2026_19_42_24/data_ingestion/ingested/train.csv', test_file_path='Artifacts/08_14_2026_19_42_24/data_ingestion/ingested/test.csv')
[ 2026-08-14 19:42:48,546 ] 55 root - INFO - Initiate the data Validation
[ 2026-08-14 19:42:48,560 ] 32 root - INFO - Required number of columns:2
[ 2026-08-14 19:42:48,560 ] 33 root - INFO - Data frame has columns:31
[ 2026-08-14 19:42:48,560 ] 32 root - INFO - Required number of columns:2
[ 2026-08-14 19:42:48,560 ] 33 root - INFO - Data frame has columns:31
[ 2026-08-14 19:42:48,663 ] 63 root - INFO - Entered initiate_data_transformation method of DataTransformation class
[ 2026-08-14 19:42:48,663 ] 65 root - INFO - Starting data transformation
[ 2026-08-14 19:42:48,672 ] 48 root - INFO - Entered get_data_trnasformer_object method of Trnasformation class
[ 2026-08-14 19:42:48,672 ] 53 root - INFO - Initialise KNNImputer with {'missing_values': nan, 'n_neighbors': 3, 'weights': 'uniform'}
[ 2026-08-14 19:42:48,701 ] 46 root - INFO - Entered the save_object method of MainUtils class
[ 2026-08-14 19:42:48,704 ] 50 root - INFO - Exited the save_object method of MainUtils class
[ 2026-08-14 19:42:48,704 ] 46 root - INFO - Entered the save_object method of MainUtils class
[ 2026-08-14 19:42:48,706 ] 50 root - INFO - Exited the save_object method of MainUtils class
